@!@!@STARTMSG 2262:0 @!@!@
TLC2 Version 2.20 of Day Month 20?? (rev: bacd9d2)
@!@!@ENDMSG 2262 @!@!@
@!@!@STARTMSG 2187:0 @!@!@
Running breadth-first search Model-Checking with fp 47 and seed 349598299451294287 with 6 workers on 12 cores with 1205MB heap and 2707MB offheap memory [pid: 26260] (Windows 10 10.0 amd64, AdoptOpenJDK 14.0.1 x86_64, OffHeapDiskFPSet, DiskStateQueue).
@!@!@ENDMSG 2187 @!@!@
@!@!@STARTMSG 2220:0 @!@!@
Starting SANY...
@!@!@ENDMSG 2220 @!@!@
Parsing file G:\root\genesis\study_final\tla_pluscal_tutorial\Session10.toolbox\Model_1\MC.tla
Parsing file G:\root\genesis\study_final\tla_pluscal_tutorial\Session10.toolbox\Model_1\Session10.tla
Parsing file G:\Downloads\TLAToolbox-1.8.0-win32.win32.x86_64\toolbox\plugins\org.lamport.tlatools_1.0.0.202503152004\tla2sany\StandardModules\TLC.tla
Parsing file G:\Downloads\TLAToolbox-1.8.0-win32.win32.x86_64\toolbox\plugins\org.lamport.tlatools_1.0.0.202503152004\tla2sany\StandardModules\Integers.tla
Parsing file G:\Downloads\TLAToolbox-1.8.0-win32.win32.x86_64\toolbox\plugins\org.lamport.tlatools_1.0.0.202503152004\tla2sany\StandardModules\Sequences.tla
Parsing file G:\Downloads\TLAToolbox-1.8.0-win32.win32.x86_64\toolbox\plugins\org.lamport.tlatools_1.0.0.202503152004\tla2sany\StandardModules\FiniteSets.tla
Parsing file G:\Downloads\TLAToolbox-1.8.0-win32.win32.x86_64\toolbox\plugins\org.lamport.tlatools_1.0.0.202503152004\tla2sany\StandardModules\Naturals.tla
Semantic processing of module Naturals
Semantic processing of module Integers
Semantic processing of module Sequences
Semantic processing of module FiniteSets
Semantic processing of module TLC
Semantic processing of module Session10
Semantic processing of module MC
@!@!@STARTMSG 2219:0 @!@!@
SANY finished.
@!@!@ENDMSG 2219 @!@!@
@!@!@STARTMSG 2185:0 @!@!@
Starting... (2025-03-28 22:51:32)
@!@!@ENDMSG 2185 @!@!@
@!@!@STARTMSG 2189:0 @!@!@
Computing initial states...
@!@!@ENDMSG 2189 @!@!@
@!@!@STARTMSG 2190:0 @!@!@
Finished computing initial states: 1 distinct state generated at 2025-03-28 22:51:33.
@!@!@ENDMSG 2190 @!@!@
@!@!@STARTMSG 2114:1 @!@!@
Deadlock reached.
@!@!@ENDMSG 2114 @!@!@
@!@!@STARTMSG 2121:1 @!@!@
The behavior up to this point is:
@!@!@ENDMSG 2121 @!@!@
@!@!@STARTMSG 2217:4 @!@!@
1: <Initial predicate>
/\ msgs = ( <<0, 1>> :> <<0>> @@
  <<1, 0>> :> <<>> @@
  <<1, 2>> :> <<>> @@
  <<1, 3>> :> <<>> @@
  <<2, 1>> :> <<>> @@
  <<3, 1>> :> <<>> )
/\ depth = (0 :> 0 @@ 1 :> 5 @@ 2 :> 5 @@ 3 :> 5)
/\ parent = (0 :> 0 @@ 1 :> 1 @@ 2 :> 2 @@ 3 :> 3)

@!@!@ENDMSG 2217 @!@!@
@!@!@STARTMSG 2217:4 @!@!@
2: <node(1) line 83, col 15 to line 94, col 56 of module Session10>
/\ msgs = ( <<0, 1>> :> <<>> @@
  <<1, 0>> :> <<>> @@
  <<1, 2>> :> <<1>> @@
  <<1, 3>> :> <<1>> @@
  <<2, 1>> :> <<>> @@
  <<3, 1>> :> <<>> )
/\ depth = (0 :> 0 @@ 1 :> 1 @@ 2 :> 5 @@ 3 :> 5)
/\ parent = (0 :> 0 @@ 1 :> 0 @@ 2 :> 2 @@ 3 :> 3)

@!@!@ENDMSG 2217 @!@!@
@!@!@STARTMSG 2217:4 @!@!@
3: <node(2) line 83, col 15 to line 94, col 56 of module Session10>
/\ msgs = ( <<0, 1>> :> <<>> @@
  <<1, 0>> :> <<>> @@
  <<1, 2>> :> <<>> @@
  <<1, 3>> :> <<1>> @@
  <<2, 1>> :> <<>> @@
  <<3, 1>> :> <<>> )
/\ depth = (0 :> 0 @@ 1 :> 1 @@ 2 :> 2 @@ 3 :> 5)
/\ parent = (0 :> 0 @@ 1 :> 0 @@ 2 :> 1 @@ 3 :> 3)

@!@!@ENDMSG 2217 @!@!@
@!@!@STARTMSG 2217:4 @!@!@
4: <node(3) line 83, col 15 to line 94, col 56 of module Session10>
/\ msgs = ( <<0, 1>> :> <<>> @@
  <<1, 0>> :> <<>> @@
  <<1, 2>> :> <<>> @@
  <<1, 3>> :> <<>> @@
  <<2, 1>> :> <<>> @@
  <<3, 1>> :> <<>> )
/\ depth = (0 :> 0 @@ 1 :> 1 @@ 2 :> 2 @@ 3 :> 2)
/\ parent = (0 :> 0 @@ 1 :> 0 @@ 2 :> 1 @@ 3 :> 1)

@!@!@ENDMSG 2217 @!@!@
@!@!@STARTMSG 2201:0 @!@!@
The coverage statistics at 2025-03-28 22:51:33
@!@!@ENDMSG 2201 @!@!@
@!@!@STARTMSG 2773:0 @!@!@
<Init line 77, col 1 to line 77, col 4 of module Session10>: 3:3
@!@!@ENDMSG 2773 @!@!@
@!@!@STARTMSG 2775:0 @!@!@
  line 78, col 19 to line 78, col 73 of module Session10: 3:18
@!@!@ENDMSG 2775 @!@!@
@!@!@STARTMSG 2221:0 @!@!@
  |line 78, col 26 to line 78, col 31 of module Session10: 3
@!@!@ENDMSG 2221 @!@!@
@!@!@STARTMSG 2775:0 @!@!@
  line 80, col 20 to line 80, col 75 of module Session10: 3:12
@!@!@ENDMSG 2775 @!@!@
@!@!@STARTMSG 2221:0 @!@!@
  |line 80, col 30 to line 80, col 34 of module Session10: 3
@!@!@ENDMSG 2221 @!@!@
@!@!@STARTMSG 2775:0 @!@!@
  ||line 21, col 1 to line 21, col 9 of module MC: 3:15
@!@!@ENDMSG 2775 @!@!@
@!@!@STARTMSG 2221:0 @!@!@
  line 81, col 12 to line 81, col 45 of module Session10: 3
@!@!@ENDMSG 2221 @!@!@
@!@!@STARTMSG 2775:0 @!@!@
  |line 81, col 21 to line 81, col 45 of module Session10: 3:12
@!@!@ENDMSG 2775 @!@!@
@!@!@STARTMSG 2221:0 @!@!@
  ||line 81, col 31 to line 81, col 35 of module Session10: 3
@!@!@ENDMSG 2221 @!@!@
@!@!@STARTMSG 2775:0 @!@!@
  |||line 21, col 1 to line 21, col 9 of module MC: 3:15
@!@!@ENDMSG 2775 @!@!@
@!@!@STARTMSG 2772:0 @!@!@
<node line 83, col 1 to line 83, col 10 of module Session10>: 4:11
@!@!@ENDMSG 2772 @!@!@
@!@!@STARTMSG 2221:0 @!@!@
  line 84, col 20 to line 84, col 50 of module Session10: 11
@!@!@ENDMSG 2221 @!@!@
@!@!@STARTMSG 2221:0 @!@!@
  line 85, col 28 to line 85, col 78 of module Session10: 11
@!@!@ENDMSG 2221 @!@!@
@!@!@STARTMSG 2221:0 @!@!@
  line 86, col 28 to line 86, col 67 of module Session10: 11
@!@!@ENDMSG 2221 @!@!@
@!@!@STARTMSG 2221:0 @!@!@
  line 87, col 28 to line 92, col 60 of module Session10: 11
@!@!@ENDMSG 2221 @!@!@
@!@!@STARTMSG 2775:0 @!@!@
  |line 87, col 36 to line 92, col 60 of module Session10: 11:66
@!@!@ENDMSG 2775 @!@!@
@!@!@STARTMSG 2221:0 @!@!@
  ||line 87, col 43 to line 87, col 48 of module Session10: 11
@!@!@ENDMSG 2221 @!@!@
@!@!@STARTMSG 2221:0 @!@!@
  line 93, col 28 to line 93, col 69 of module Session10: 0
@!@!@ENDMSG 2221 @!@!@
@!@!@STARTMSG 2221:0 @!@!@
  line 94, col 28 to line 94, col 56 of module Session10: 0
@!@!@ENDMSG 2221 @!@!@
@!@!@STARTMSG 2775:0 @!@!@
  line 83, col 24 to line 83, col 64 of module Session10: 38:49
@!@!@ENDMSG 2775 @!@!@
@!@!@STARTMSG 2221:0 @!@!@
  |line 83, col 48 to line 83, col 63 of module Session10: 60
@!@!@ENDMSG 2221 @!@!@
@!@!@STARTMSG 2221:0 @!@!@
  |line 83, col 31 to line 83, col 44 of module Session10: 38
@!@!@ENDMSG 2221 @!@!@
@!@!@STARTMSG 2775:0 @!@!@
  ||line 40, col 17 to line 40, col 42 of module Session10: 38:98
@!@!@ENDMSG 2775 @!@!@
@!@!@STARTMSG 2221:0 @!@!@
  |||line 40, col 18 to line 40, col 25 of module Session10: 60
@!@!@ENDMSG 2221 @!@!@
@!@!@STARTMSG 2221:0 @!@!@
  |||line 40, col 35 to line 40, col 41 of module Session10: 38
@!@!@ENDMSG 2221 @!@!@
@!@!@STARTMSG 2775:0 @!@!@
  ||||line 12, col 12 to line 12, col 42 of module Session10: 38:98
@!@!@ENDMSG 2775 @!@!@
@!@!@STARTMSG 2221:0 @!@!@
  |||||line 12, col 27 to line 12, col 41 of module Session10: 152
@!@!@ENDMSG 2221 @!@!@
@!@!@STARTMSG 2221:0 @!@!@
  |||||line 12, col 19 to line 12, col 23 of module Session10: 38
@!@!@ENDMSG 2221 @!@!@
@!@!@STARTMSG 2775:0 @!@!@
  ||||||line 21, col 1 to line 21, col 9 of module MC: 38:190
@!@!@ENDMSG 2775 @!@!@
@!@!@STARTMSG 2221:0 @!@!@
  ||||line 40, col 40 to line 40, col 40 of module Session10: 38
@!@!@ENDMSG 2221 @!@!@
@!@!@STARTMSG 2221:0 @!@!@
  ||line 83, col 40 to line 83, col 43 of module Session10: 38
@!@!@ENDMSG 2221 @!@!@
@!@!@STARTMSG 2202:0 @!@!@
End of statistics.
@!@!@ENDMSG 2202 @!@!@
@!@!@STARTMSG 2200:0 @!@!@
Progress(4) at 2025-03-28 22:51:33: 6 states generated (352 s/min), 5 distinct states found (294 ds/min), 0 states left on queue.
@!@!@ENDMSG 2200 @!@!@
@!@!@STARTMSG 2199:0 @!@!@
6 states generated, 5 distinct states found, 0 states left on queue.
@!@!@ENDMSG 2199 @!@!@
@!@!@STARTMSG 2194:0 @!@!@
The depth of the complete state graph search is 4.
@!@!@ENDMSG 2194 @!@!@
@!@!@STARTMSG 2186:0 @!@!@
Finished in 1043ms at (2025-03-28 22:51:33)
@!@!@ENDMSG 2186 @!@!@
